// Jest Snapshot v1, https://goo.gl/fbAQLP

exports[`BigDataTableListPage Snapshot 1`] = `
<PageHeaderWrapper
  avatar={
    Object {
      "src": "test-file-stub",
    }
  }
  backIcon={
    <Icon
      type="left"
    />
  }
  extra={
    Array [
      <Button
        block={false}
        ghost={false}
        htmlType="button"
        loading={false}
      >
        Operation 1
      </Button>,
      <Button
        block={false}
        ghost={false}
        htmlType="button"
        loading={false}
      >
        Operation 2 
      </Button>,
      <Button
        block={false}
        ghost={false}
        htmlType="button"
        loading={false}
        type="primary"
      >
        Operation 3
      </Button>,
    ]
  }
  onBack={[Function]}
  subTitle="This is an awesome table list"
>
  <Component />
</PageHeaderWrapper>
`;
