// Jest Snapshot v1, https://goo.gl/fbAQLP

exports[`BasicLayoutContextProvider Snapshot 1`] = `
<ContextProvider
  value={
    Object {
      "dispatch": [Function],
      "globalRef": Object {
        "current": null,
      },
      "state": Object {
        "collapsed": false,
        "settings": Object {
          "colorWeak": false,
          "contentWidth": "Fluid",
          "fixSiderbar": false,
          "fixedHeader": false,
          "layout": "sidemenu",
          "menu": Object {
            "locale": true,
          },
          "navTheme": "dark",
          "title": "React TypeScript",
        },
      },
    }
  }
/>
`;
