// Jest Snapshot v1, https://goo.gl/fbAQLP

exports[`NoFoundPage Snapshot 1`] = `
<BasicLayout
  autoHideHeader={false}
  contentWidth="Fluid"
  fixSiderbar={false}
  fixedHeader={false}
  iconfontUrl=""
  layout="sidemenu"
  location={
    Location {
      "assign": [Function],
      "hash": "",
      "host": "localhost",
      "hostname": "localhost",
      "href": "http://localhost/",
      "origin": "http://localhost",
      "pathname": "/",
      "port": "",
      "protocol": "http:",
      "reload": [Function],
      "replace": [Function],
      "search": "",
      "toString": [Function],
    }
  }
  logo="https://gw.alipayobjects.com/zos/antfincdn/PmY%24TNNDBI/logo.svg"
  menu={
    Object {
      "locale": true,
    }
  }
  navTheme="dark"
  title="global.title"
/>
`;
