// Jest Snapshot v1, https://goo.gl/fbAQLP

exports[`BasicLayout With Context Snapshot 1`] = `
<Component>
  <Component />
</Component>
`;

exports[`BasicLayout Without context Snapshot 1`] = `
<Fragment>
  <BasicLayout
    collapsed={false}
    contentWidth="Fluid"
    fixSiderbar={false}
    fixedHeader={false}
    footerRender={[Function]}
    iconfontUrl=""
    layout="sidemenu"
    location={
      Location {
        "assign": [Function],
        "hash": "",
        "host": "localhost",
        "hostname": "localhost",
        "href": "http://localhost/",
        "origin": "http://localhost",
        "pathname": "/",
        "port": "",
        "protocol": "http:",
        "reload": [Function],
        "replace": [Function],
        "search": "",
        "toString": [Function],
      }
    }
    logo="test-file-stub"
    menu={
      Object {
        "locale": true,
      }
    }
    menuHeaderRender={[Function]}
    navTheme="dark"
    onCollapse={[Function]}
    primaryColor="daybreak"
    rightContentRender={[Function]}
    title="React TypeScript"
  />
  <SettingDrawer
    onSettingChange={[Function]}
  />
</Fragment>
`;
