// Jest Snapshot v1, https://goo.gl/fbAQLP

exports[`BasicLayout With Context Snapshot 1`] = `
<Component>
  <Component />
</Component>
`;

exports[`BasicLayout Without context Snapshot 1`] = `
<div>
  <BasicLayout
    breadcrumbRender={[Function]}
    collapsed={false}
    colorWeak={false}
    contentWidth="Fluid"
    fixSiderbar={false}
    fixedHeader={false}
    footerRender={[Function]}
    iconfontUrl=""
    itemRender={[Function]}
    layout="sidemenu"
    logo="test-file-stub"
    menu={
      Object {
        "locale": true,
      }
    }
    menuHeaderRender={[Function]}
    menuItemRender={[Function]}
    navTheme="dark"
    onCollapse={[Function]}
    primaryColor="daybreak"
    rightContentRender={[Function]}
    route={
      Object {
        "path": "/",
        "routes": Array [
          Object {
            "children": undefined,
            "component": <Welcome />,
            "icon": "smile",
            "name": "Welcome",
            "nameKey": "welcome.title",
            "path": "/welcome",
          },
          Object {
            "children": Array [
              Object {
                "children": undefined,
                "component": <NoFoundPage />,
                "icon": "warning",
                "name": "404",
                "nameKey": "global.404.title",
                "path": "/global/404",
              },
            ],
            "icon": "html5",
            "name": "Global",
            "nameKey": "global.title",
            "path": "/global",
          },
          Object {
            "children": Array [
              Object {
                "children": undefined,
                "component": <Unknown />,
                "icon": "cloud-server",
                "name": "List Table",
                "nameKey": "list.listTable",
                "path": "/list/list-table",
              },
              Object {
                "children": undefined,
                "component": <Unknown />,
                "icon": "solution",
                "name": "Custom List Table",
                "nameKey": "list.customListTable",
                "path": "/list/custom-list-table",
              },
            ],
            "icon": "unordered-list",
            "name": "List",
            "nameKey": "list.title",
            "path": "/list",
          },
        ],
      }
    }
    title="React TypeScript"
  />
  <SettingDrawer
    onSettingChange={[Function]}
    settings={
      Object {
        "colorWeak": false,
        "contentWidth": "Fluid",
        "fixSiderbar": false,
        "fixedHeader": false,
        "layout": "sidemenu",
        "menu": Object {
          "locale": true,
        },
        "navTheme": "dark",
        "title": "React TypeScript",
      }
    }
  />
</div>
`;
